// Jest Snapshot v1, https://goo.gl/fbAQLP

exports[`<Notification /> When show is false should match snapshot 1`] = `<div />`;

exports[`<Notification /> When show is true should match snapshot 1`] = `
<div>
  <div
    aria-atomic="true"
    aria-live="assertive"
    class="fade toast notification bg-danger show"
    role="alert"
  >
    <div
      class="toast-body"
    >
      <div>
        I am Thor! God of thunder.
      </div>
    </div>
  </div>
</div>
`;
